Archive member included to satisfy reference by file (symbol)

c:/program files (x86)/gnu arm embedded toolchain/10 2021.10/bin/../lib/gcc/arm-none-eabi/10.3.1/../../../../arm-none-eabi/lib/thumb/v7e-m/nofp\libc_nano.a(lib_a-errno.o)
                              ../Output/Src/syscalls.o (__errno)
c:/program files (x86)/gnu arm embedded toolchain/10 2021.10/bin/../lib/gcc/arm-none-eabi/10.3.1/../../../../arm-none-eabi/lib/thumb/v7e-m/nofp\libc_nano.a(lib_a-exit.o)
                              c:/program files (x86)/gnu arm embedded toolchain/10 2021.10/bin/../lib/gcc/arm-none-eabi/10.3.1/../../../../arm-none-eabi/lib/thumb/v7e-m/nofp/crt0.o (exit)
c:/program files (x86)/gnu arm embedded toolchain/10 2021.10/bin/../lib/gcc/arm-none-eabi/10.3.1/../../../../arm-none-eabi/lib/thumb/v7e-m/nofp\libc_nano.a(lib_a-impure.o)
                              c:/program files (x86)/gnu arm embedded toolchain/10 2021.10/bin/../lib/gcc/arm-none-eabi/10.3.1/../../../../arm-none-eabi/lib/thumb/v7e-m/nofp\libc_nano.a(lib_a-exit.o) (_global_impure_ptr)
c:/program files (x86)/gnu arm embedded toolchain/10 2021.10/bin/../lib/gcc/arm-none-eabi/10.3.1/../../../../arm-none-eabi/lib/thumb/v7e-m/nofp\libc_nano.a(lib_a-init.o)
                              c:/program files (x86)/gnu arm embedded toolchain/10 2021.10/bin/../lib/gcc/arm-none-eabi/10.3.1/../../../../arm-none-eabi/lib/thumb/v7e-m/nofp/crt0.o (__libc_init_array)
c:/program files (x86)/gnu arm embedded toolchain/10 2021.10/bin/../lib/gcc/arm-none-eabi/10.3.1/../../../../arm-none-eabi/lib/thumb/v7e-m/nofp\libc_nano.a(lib_a-memset.o)
                              c:/program files (x86)/gnu arm embedded toolchain/10 2021.10/bin/../lib/gcc/arm-none-eabi/10.3.1/../../../../arm-none-eabi/lib/thumb/v7e-m/nofp/crt0.o (memset)

Memory Configuration

Name             Origin             Length             Attributes
FLASH            0x08000000         0x00080000         xr
SRAM             0x20000000         0x00020000         xrw
*default*        0x00000000         0xffffffff

Linker script and memory map

LOAD c:/program files (x86)/gnu arm embedded toolchain/10 2021.10/bin/../lib/gcc/arm-none-eabi/10.3.1/thumb/v7e-m/nofp/crti.o
LOAD c:/program files (x86)/gnu arm embedded toolchain/10 2021.10/bin/../lib/gcc/arm-none-eabi/10.3.1/thumb/v7e-m/nofp/crtbegin.o
LOAD c:/program files (x86)/gnu arm embedded toolchain/10 2021.10/bin/../lib/gcc/arm-none-eabi/10.3.1/../../../../arm-none-eabi/lib/thumb/v7e-m/nofp/crt0.o
LOAD ../Output/Src/main.o
LOAD ../Output/Src/led.o
LOAD ../Output/Startup/stm32_startup.o
LOAD ../Output/Src/syscalls.o
START GROUP
LOAD c:/program files (x86)/gnu arm embedded toolchain/10 2021.10/bin/../lib/gcc/arm-none-eabi/10.3.1/thumb/v7e-m/nofp\libgcc.a
LOAD c:/program files (x86)/gnu arm embedded toolchain/10 2021.10/bin/../lib/gcc/arm-none-eabi/10.3.1/../../../../arm-none-eabi/lib/thumb/v7e-m/nofp\libc_nano.a
END GROUP
START GROUP
LOAD c:/program files (x86)/gnu arm embedded toolchain/10 2021.10/bin/../lib/gcc/arm-none-eabi/10.3.1/thumb/v7e-m/nofp\libgcc.a
LOAD c:/program files (x86)/gnu arm embedded toolchain/10 2021.10/bin/../lib/gcc/arm-none-eabi/10.3.1/../../../../arm-none-eabi/lib/thumb/v7e-m/nofp\libc_nano.a
END GROUP
LOAD c:/program files (x86)/gnu arm embedded toolchain/10 2021.10/bin/../lib/gcc/arm-none-eabi/10.3.1/thumb/v7e-m/nofp/crtend.o
LOAD c:/program files (x86)/gnu arm embedded toolchain/10 2021.10/bin/../lib/gcc/arm-none-eabi/10.3.1/thumb/v7e-m/nofp/crtn.o

.text           0x08000000      0xbb0
 *(.isr_vector)
 .isr_vector    0x08000000      0x188 ../Output/Startup/stm32_startup.o
                0x08000000                vectors
 *(.text)
 .text          0x08000188        0x0 c:/program files (x86)/gnu arm embedded toolchain/10 2021.10/bin/../lib/gcc/arm-none-eabi/10.3.1/thumb/v7e-m/nofp/crti.o
 .text          0x08000188       0x40 c:/program files (x86)/gnu arm embedded toolchain/10 2021.10/bin/../lib/gcc/arm-none-eabi/10.3.1/thumb/v7e-m/nofp/crtbegin.o
 .text          0x080001c8       0x7c c:/program files (x86)/gnu arm embedded toolchain/10 2021.10/bin/../lib/gcc/arm-none-eabi/10.3.1/../../../../arm-none-eabi/lib/thumb/v7e-m/nofp/crt0.o
                0x080001c8                _stack_init
                0x080001d0                _start
                0x080001d0                _mainCRTStartup
 .text          0x08000244      0x490 ../Output/Src/main.o
                0x08000244                main
                0x08000270                Idle_task
                0x08000276                task1_handler
                0x0800029c                task2_handler
                0x080002c0                task3_handler
                0x080002e4                task4_handler
                0x08000308                SysTick_Init
                0x08000374                Scheduler_Stack_Init
                0x0800037e                Tasks_Stack_Init
                0x08000494                Enable_Processor_Faults
                0x080004a0                schedule
                0x080004ac                task_delay
                0x0800050c                Switch_SP_to_PSP
                0x08000526                update_psp_value
                0x08000550                Get_Current_task_PSP
                0x08000570                schedule_next_task
                0x08000600                PendSV_Handler
                0x08000626                update_global_tick_count
                0x08000640                Unblocking_task
                0x080006a0                Pending_PendSV
                0x080006c4                SysTick_Handler
 .text          0x080006d4       0xfc ../Output/Src/led.o
                0x080006d4                delay
                0x080006fc                led_init_all
                0x08000770                led_on
                0x080007a0                led_off
 .text          0x080007d0       0x94 ../Output/Startup/stm32_startup.o
                0x080007d0                RTC_Alarm_IRQHandler
                0x080007d0                HASH_RNG_IRQHandler
                0x080007d0                EXTI2_IRQHandler
                0x080007d0                TIM8_CC_IRQHandler
                0x080007d0                DebugMon_Handler
                0x080007d0                TIM1_CC_IRQHandler
                0x080007d0                DMA2_Stream5_IRQHandler
                0x080007d0                HardFault_Handler
                0x080007d0                DMA1_Stream5_IRQHandler
                0x080007d0                PVD_IRQHandler
                0x080007d0                SDIO_IRQHandler
                0x080007d0                TAMP_STAMP_IRQHandler
                0x080007d0                NMI_Handler
                0x080007d0                CAN2_RX1_IRQHandler
                0x080007d0                EXTI3_IRQHandler
                0x080007d0                TIM8_TRG_COM_TIM14_IRQHandler
                0x080007d0                TIM1_UP_TIM10_IRQHandler
                0x080007d0                TIM8_UP_TIM13_IRQHandler
                0x080007d0                I2C3_ER_IRQHandler
                0x080007d0                EXTI0_IRQHandler
                0x080007d0                I2C2_EV_IRQHandler
                0x080007d0                DMA1_Stream2_IRQHandler
                0x080007d0                CAN1_RX0_IRQHandler
                0x080007d0                FPU_IRQHandler
                0x080007d0                OTG_HS_WKUP_IRQHandler
                0x080007d0                UsageFault_Handler
                0x080007d0                CAN2_SCE_IRQHandler
                0x080007d0                DMA2_Stream2_IRQHandler
                0x080007d0                SPI1_IRQHandler
                0x080007d0                TIM6_DAC_IRQHandler
                0x080007d0                TIM1_BRK_TIM9_IRQHandler
                0x080007d0                DCMI_IRQHandler
                0x080007d0                CAN2_RX0_IRQHandler
                0x080007d0                DMA2_Stream3_IRQHandler
                0x080007d0                USART6_IRQHandler
                0x080007d0                USART3_IRQHandler
                0x080007d0                CRYP_IRQHandler
                0x080007d0                DMA2_Stream6_IRQHandler
                0x080007d0                CAN1_RX1_IRQHandler
                0x080007d0                UART5_IRQHandler
                0x080007d0                DMA2_Stream0_IRQHandler
                0x080007d0                TIM4_IRQHandler
                0x080007d0                I2C1_EV_IRQHandler
                0x080007d0                DMA1_Stream6_IRQHandler
                0x080007d0                DMA1_Stream1_IRQHandler
                0x080007d0                UART4_IRQHandler
                0x080007d0                TIM3_IRQHandler
                0x080007d0                RCC_IRQHandler
                0x080007d0                TIM8_BRK_TIM12_IRQHandler
                0x080007d0                Default_Handler
                0x080007d0                EXTI15_10_IRQHandler
                0x080007d0                ADC_IRQHandler
                0x080007d0                DMA1_Stream7_IRQHandler
                0x080007d0                TIM7_IRQHandler
                0x080007d0                CAN2_TX_IRQHandler
                0x080007d0                TIM5_IRQHandler
                0x080007d0                DMA2_Stream7_IRQHandler
                0x080007d0                I2C3_EV_IRQHandler
                0x080007d0                EXTI9_5_IRQHandler
                0x080007d0                RTC_WKUP_IRQHandler
                0x080007d0                ETH_WKUP_IRQHandler
                0x080007d0                SPI2_IRQHandler
                0x080007d0                OTG_HS_EP1_IN_IRQHandler
                0x080007d0                MemManage_Handler
                0x080007d0                DMA1_Stream0_IRQHandler
                0x080007d0                CAN1_TX_IRQHandler
                0x080007d0                SVC_Handler
                0x080007d0                EXTI4_IRQHandler
                0x080007d0                FSMC_IRQHandler
                0x080007d0                ETH_IRQHandler
                0x080007d0                OTG_HS_EP1_OUT_IRQHandler
                0x080007d0                WWDG_IRQHandler
                0x080007d0                TIM2_IRQHandler
                0x080007d0                OTG_FS_WKUP_IRQHandler
                0x080007d0                TIM1_TRG_COM_TIM11_IRQHandler
                0x080007d0                OTG_HS_IRQHandler
                0x080007d0                EXTI1_IRQHandler
                0x080007d0                USART2_IRQHandler
                0x080007d0                I2C2_ER_IRQHandler
                0x080007d0                DMA2_Stream1_IRQHandler
                0x080007d0                CAN1_SCE_IRQHandler
                0x080007d0                DMA2_Stream4_IRQHandler
                0x080007d0                BusFault_Handler
                0x080007d0                USART1_IRQHandler
                0x080007d0                OTG_FS_IRQHandler
                0x080007d0                SPI3_IRQHandler
                0x080007d0                DMA1_Stream4_IRQHandler
                0x080007d0                I2C1_ER_IRQHandler
                0x080007d0                DMA1_Stream3_IRQHandler
                0x080007d6                Reset_Handler
 .text          0x08000864      0x25c ../Output/Src/syscalls.o
                0x08000864                initialise_monitor_handles
                0x08000870                _getpid
                0x0800087e                _kill
                0x0800089e                _exit
                0x080008b2                _read
                0x080008ec                _write
                0x08000924                _close
                0x0800093a                _fstat
                0x08000958                _isatty
                0x0800096c                _lseek
                0x08000984                _open
                0x0800099e                _wait
                0x080009bc                _unlink
                0x080009da                _times
                0x080009f0                _stat
                0x08000a0e                _link
                0x08000a2e                _fork
                0x08000a44                _execve
                0x08000a66                _sbrk
 .text          0x08000ac0        0x0 c:/program files (x86)/gnu arm embedded toolchain/10 2021.10/bin/../lib/gcc/arm-none-eabi/10.3.1/../../../../arm-none-eabi/lib/thumb/v7e-m/nofp\libc_nano.a(lib_a-errno.o)
 .text          0x08000ac0        0x0 c:/program files (x86)/gnu arm embedded toolchain/10 2021.10/bin/../lib/gcc/arm-none-eabi/10.3.1/../../../../arm-none-eabi/lib/thumb/v7e-m/nofp\libc_nano.a(lib_a-exit.o)
 .text          0x08000ac0        0x0 c:/program files (x86)/gnu arm embedded toolchain/10 2021.10/bin/../lib/gcc/arm-none-eabi/10.3.1/../../../../arm-none-eabi/lib/thumb/v7e-m/nofp\libc_nano.a(lib_a-impure.o)
 .text          0x08000ac0        0x0 c:/program files (x86)/gnu arm embedded toolchain/10 2021.10/bin/../lib/gcc/arm-none-eabi/10.3.1/../../../../arm-none-eabi/lib/thumb/v7e-m/nofp\libc_nano.a(lib_a-init.o)
 .text          0x08000ac0        0x0 c:/program files (x86)/gnu arm embedded toolchain/10 2021.10/bin/../lib/gcc/arm-none-eabi/10.3.1/../../../../arm-none-eabi/lib/thumb/v7e-m/nofp\libc_nano.a(lib_a-memset.o)
 .text          0x08000ac0        0x0 c:/program files (x86)/gnu arm embedded toolchain/10 2021.10/bin/../lib/gcc/arm-none-eabi/10.3.1/thumb/v7e-m/nofp/crtend.o
 .text          0x08000ac0        0x0 c:/program files (x86)/gnu arm embedded toolchain/10 2021.10/bin/../lib/gcc/arm-none-eabi/10.3.1/thumb/v7e-m/nofp/crtn.o
 *(.text.*)
 .text.__errno  0x08000ac0        0xc c:/program files (x86)/gnu arm embedded toolchain/10 2021.10/bin/../lib/gcc/arm-none-eabi/10.3.1/../../../../arm-none-eabi/lib/thumb/v7e-m/nofp\libc_nano.a(lib_a-errno.o)
                0x08000ac0                __errno
 .text.exit     0x08000acc       0x28 c:/program files (x86)/gnu arm embedded toolchain/10 2021.10/bin/../lib/gcc/arm-none-eabi/10.3.1/../../../../arm-none-eabi/lib/thumb/v7e-m/nofp\libc_nano.a(lib_a-exit.o)
                0x08000acc                exit
 .text.__libc_init_array
                0x08000af4       0x48 c:/program files (x86)/gnu arm embedded toolchain/10 2021.10/bin/../lib/gcc/arm-none-eabi/10.3.1/../../../../arm-none-eabi/lib/thumb/v7e-m/nofp\libc_nano.a(lib_a-init.o)
                0x08000af4                __libc_init_array
 .text.memset   0x08000b3c       0x10 c:/program files (x86)/gnu arm embedded toolchain/10 2021.10/bin/../lib/gcc/arm-none-eabi/10.3.1/../../../../arm-none-eabi/lib/thumb/v7e-m/nofp\libc_nano.a(lib_a-memset.o)
                0x08000b3c                memset
 *(.init)
 .init          0x08000b4c        0x4 c:/program files (x86)/gnu arm embedded toolchain/10 2021.10/bin/../lib/gcc/arm-none-eabi/10.3.1/thumb/v7e-m/nofp/crti.o
                0x08000b4c                _init
 .init          0x08000b50        0x8 c:/program files (x86)/gnu arm embedded toolchain/10 2021.10/bin/../lib/gcc/arm-none-eabi/10.3.1/thumb/v7e-m/nofp/crtn.o
 *(.fini)
 .fini          0x08000b58        0x4 c:/program files (x86)/gnu arm embedded toolchain/10 2021.10/bin/../lib/gcc/arm-none-eabi/10.3.1/thumb/v7e-m/nofp/crti.o
                0x08000b58                _fini
 .fini          0x08000b5c        0x8 c:/program files (x86)/gnu arm embedded toolchain/10 2021.10/bin/../lib/gcc/arm-none-eabi/10.3.1/thumb/v7e-m/nofp/crtn.o
 *(.rodata)
 .rodata        0x08000b64       0x24 c:/program files (x86)/gnu arm embedded toolchain/10 2021.10/bin/../lib/gcc/arm-none-eabi/10.3.1/thumb/v7e-m/nofp/crtbegin.o
 .rodata        0x08000b88       0x24 c:/program files (x86)/gnu arm embedded toolchain/10 2021.10/bin/../lib/gcc/arm-none-eabi/10.3.1/thumb/v7e-m/nofp/crtend.o
 *(.rodata.*)
 .rodata._global_impure_ptr
                0x08000bac        0x4 c:/program files (x86)/gnu arm embedded toolchain/10 2021.10/bin/../lib/gcc/arm-none-eabi/10.3.1/../../../../arm-none-eabi/lib/thumb/v7e-m/nofp\libc_nano.a(lib_a-impure.o)
                0x08000bac                _global_impure_ptr
                0x08000bb0                . = ALIGN (0x4)
                0x08000bb0                _etext = .
                0x08000bbc                _la_data = LOADADDR (.data)

.glue_7         0x08000bb0        0x0
 .glue_7        0x08000bb0        0x0 linker stubs

.glue_7t        0x08000bb0        0x0
 .glue_7t       0x08000bb0        0x0 linker stubs

.vfp11_veneer   0x08000bb0        0x0
 .vfp11_veneer  0x08000bb0        0x0 linker stubs

.v4_bx          0x08000bb0        0x0
 .v4_bx         0x08000bb0        0x0 linker stubs

.iplt           0x08000bb0        0x0
 .iplt          0x08000bb0        0x0 c:/program files (x86)/gnu arm embedded toolchain/10 2021.10/bin/../lib/gcc/arm-none-eabi/10.3.1/thumb/v7e-m/nofp/crtbegin.o

.eh_frame       0x08000bb0        0x4
 .eh_frame      0x08000bb0        0x0 c:/program files (x86)/gnu arm embedded toolchain/10 2021.10/bin/../lib/gcc/arm-none-eabi/10.3.1/thumb/v7e-m/nofp/crtbegin.o
 .eh_frame      0x08000bb0        0x4 c:/program files (x86)/gnu arm embedded toolchain/10 2021.10/bin/../lib/gcc/arm-none-eabi/10.3.1/thumb/v7e-m/nofp/crtend.o

.ARM.extab      0x08000bb4        0x0
 .ARM.extab     0x08000bb4        0x0 c:/program files (x86)/gnu arm embedded toolchain/10 2021.10/bin/../lib/gcc/arm-none-eabi/10.3.1/../../../../arm-none-eabi/lib/thumb/v7e-m/nofp/crt0.o

.ARM.exidx      0x08000bb4        0x8
 .ARM.exidx     0x08000bb4        0x8 c:/program files (x86)/gnu arm embedded toolchain/10 2021.10/bin/../lib/gcc/arm-none-eabi/10.3.1/../../../../arm-none-eabi/lib/thumb/v7e-m/nofp/crt0.o
                                 0x10 (size before relaxing)

.rel.dyn        0x08000bbc        0x0
 .rel.iplt      0x08000bbc        0x0 c:/program files (x86)/gnu arm embedded toolchain/10 2021.10/bin/../lib/gcc/arm-none-eabi/10.3.1/thumb/v7e-m/nofp/crtbegin.o

.data           0x20000000       0x70 load address 0x08000bbc
                0x20000000                _sdata = .
 *(.data)
 .data          0x20000000        0x0 c:/program files (x86)/gnu arm embedded toolchain/10 2021.10/bin/../lib/gcc/arm-none-eabi/10.3.1/thumb/v7e-m/nofp/crti.o
 .data          0x20000000        0x4 c:/program files (x86)/gnu arm embedded toolchain/10 2021.10/bin/../lib/gcc/arm-none-eabi/10.3.1/thumb/v7e-m/nofp/crtbegin.o
                0x20000000                __dso_handle
 .data          0x20000004        0x0 c:/program files (x86)/gnu arm embedded toolchain/10 2021.10/bin/../lib/gcc/arm-none-eabi/10.3.1/../../../../arm-none-eabi/lib/thumb/v7e-m/nofp/crt0.o
 .data          0x20000004        0x1 ../Output/Src/main.o
                0x20000004                Current_task
 .data          0x20000005        0x0 ../Output/Src/led.o
 .data          0x20000005        0x0 ../Output/Startup/stm32_startup.o
 *fill*         0x20000005        0x3 
 .data          0x20000008        0x4 ../Output/Src/syscalls.o
                0x20000008                environ
 .data          0x2000000c        0x0 c:/program files (x86)/gnu arm embedded toolchain/10 2021.10/bin/../lib/gcc/arm-none-eabi/10.3.1/../../../../arm-none-eabi/lib/thumb/v7e-m/nofp\libc_nano.a(lib_a-errno.o)
 .data          0x2000000c        0x0 c:/program files (x86)/gnu arm embedded toolchain/10 2021.10/bin/../lib/gcc/arm-none-eabi/10.3.1/../../../../arm-none-eabi/lib/thumb/v7e-m/nofp\libc_nano.a(lib_a-exit.o)
 .data          0x2000000c        0x0 c:/program files (x86)/gnu arm embedded toolchain/10 2021.10/bin/../lib/gcc/arm-none-eabi/10.3.1/../../../../arm-none-eabi/lib/thumb/v7e-m/nofp\libc_nano.a(lib_a-impure.o)
 .data          0x2000000c        0x0 c:/program files (x86)/gnu arm embedded toolchain/10 2021.10/bin/../lib/gcc/arm-none-eabi/10.3.1/../../../../arm-none-eabi/lib/thumb/v7e-m/nofp\libc_nano.a(lib_a-init.o)
 .data          0x2000000c        0x0 c:/program files (x86)/gnu arm embedded toolchain/10 2021.10/bin/../lib/gcc/arm-none-eabi/10.3.1/../../../../arm-none-eabi/lib/thumb/v7e-m/nofp\libc_nano.a(lib_a-memset.o)
 .data          0x2000000c        0x0 c:/program files (x86)/gnu arm embedded toolchain/10 2021.10/bin/../lib/gcc/arm-none-eabi/10.3.1/thumb/v7e-m/nofp/crtend.o
 .data          0x2000000c        0x0 c:/program files (x86)/gnu arm embedded toolchain/10 2021.10/bin/../lib/gcc/arm-none-eabi/10.3.1/thumb/v7e-m/nofp/crtn.o
 *(.data.*)
 .data._impure_ptr
                0x2000000c        0x4 c:/program files (x86)/gnu arm embedded toolchain/10 2021.10/bin/../lib/gcc/arm-none-eabi/10.3.1/../../../../arm-none-eabi/lib/thumb/v7e-m/nofp\libc_nano.a(lib_a-impure.o)
                0x2000000c                _impure_ptr
 .data.impure_data
                0x20000010       0x60 c:/program files (x86)/gnu arm embedded toolchain/10 2021.10/bin/../lib/gcc/arm-none-eabi/10.3.1/../../../../arm-none-eabi/lib/thumb/v7e-m/nofp\libc_nano.a(lib_a-impure.o)
                0x20000070                . = ALIGN (0x4)
                0x20000070                _edata = .

.init_array     0x20000070        0x4 load address 0x08000c2c
 .init_array    0x20000070        0x4 c:/program files (x86)/gnu arm embedded toolchain/10 2021.10/bin/../lib/gcc/arm-none-eabi/10.3.1/thumb/v7e-m/nofp/crtbegin.o

.fini_array     0x20000074        0x4 load address 0x08000c30
 .fini_array    0x20000074        0x4 c:/program files (x86)/gnu arm embedded toolchain/10 2021.10/bin/../lib/gcc/arm-none-eabi/10.3.1/thumb/v7e-m/nofp/crtbegin.o

.igot.plt       0x20000078        0x0 load address 0x08000c34
 .igot.plt      0x20000078        0x0 c:/program files (x86)/gnu arm embedded toolchain/10 2021.10/bin/../lib/gcc/arm-none-eabi/10.3.1/thumb/v7e-m/nofp/crtbegin.o

.bss            0x20000078       0x78 load address 0x08000c34
                0x20000078                _sbss = .
                0x20000078                __bss_start__ = _sbss
 *(.bss)
 .bss           0x20000078        0x0 c:/program files (x86)/gnu arm embedded toolchain/10 2021.10/bin/../lib/gcc/arm-none-eabi/10.3.1/thumb/v7e-m/nofp/crti.o
 .bss           0x20000078       0x1c c:/program files (x86)/gnu arm embedded toolchain/10 2021.10/bin/../lib/gcc/arm-none-eabi/10.3.1/thumb/v7e-m/nofp/crtbegin.o
 .bss           0x20000094        0x0 c:/program files (x86)/gnu arm embedded toolchain/10 2021.10/bin/../lib/gcc/arm-none-eabi/10.3.1/../../../../arm-none-eabi/lib/thumb/v7e-m/nofp/crt0.o
 .bss           0x20000094       0x54 ../Output/Src/main.o
                0x20000094                Global_tick_count
                0x20000098                User_task_ctl_block
 .bss           0x200000e8        0x0 ../Output/Src/led.o
 .bss           0x200000e8        0x0 ../Output/Startup/stm32_startup.o
 .bss           0x200000e8        0x8 ../Output/Src/syscalls.o
                0x200000e8                __env
 .bss           0x200000f0        0x0 c:/program files (x86)/gnu arm embedded toolchain/10 2021.10/bin/../lib/gcc/arm-none-eabi/10.3.1/../../../../arm-none-eabi/lib/thumb/v7e-m/nofp\libc_nano.a(lib_a-errno.o)
 .bss           0x200000f0        0x0 c:/program files (x86)/gnu arm embedded toolchain/10 2021.10/bin/../lib/gcc/arm-none-eabi/10.3.1/../../../../arm-none-eabi/lib/thumb/v7e-m/nofp\libc_nano.a(lib_a-exit.o)
 .bss           0x200000f0        0x0 c:/program files (x86)/gnu arm embedded toolchain/10 2021.10/bin/../lib/gcc/arm-none-eabi/10.3.1/../../../../arm-none-eabi/lib/thumb/v7e-m/nofp\libc_nano.a(lib_a-impure.o)
 .bss           0x200000f0        0x0 c:/program files (x86)/gnu arm embedded toolchain/10 2021.10/bin/../lib/gcc/arm-none-eabi/10.3.1/../../../../arm-none-eabi/lib/thumb/v7e-m/nofp\libc_nano.a(lib_a-init.o)
 .bss           0x200000f0        0x0 c:/program files (x86)/gnu arm embedded toolchain/10 2021.10/bin/../lib/gcc/arm-none-eabi/10.3.1/../../../../arm-none-eabi/lib/thumb/v7e-m/nofp\libc_nano.a(lib_a-memset.o)
 .bss           0x200000f0        0x0 c:/program files (x86)/gnu arm embedded toolchain/10 2021.10/bin/../lib/gcc/arm-none-eabi/10.3.1/thumb/v7e-m/nofp/crtend.o
 .bss           0x200000f0        0x0 c:/program files (x86)/gnu arm embedded toolchain/10 2021.10/bin/../lib/gcc/arm-none-eabi/10.3.1/thumb/v7e-m/nofp/crtn.o
 *(.bss.*)
                0x200000f0                . = ALIGN (0x4)
                0x200000f0                _ebss = .
                0x200000f0                __bss_end__ = _ebss
                0x200000f0                . = ALIGN (0x4)
                0x200000f0                end = .
OUTPUT(../Output/final.elf elf32-littlearm)
LOAD linker stubs

.ARM.attributes
                0x00000000       0x2a
 .ARM.attributes
                0x00000000       0x1e c:/program files (x86)/gnu arm embedded toolchain/10 2021.10/bin/../lib/gcc/arm-none-eabi/10.3.1/thumb/v7e-m/nofp/crti.o
 .ARM.attributes
                0x0000001e       0x2e c:/program files (x86)/gnu arm embedded toolchain/10 2021.10/bin/../lib/gcc/arm-none-eabi/10.3.1/thumb/v7e-m/nofp/crtbegin.o
 .ARM.attributes
                0x0000004c       0x1c c:/program files (x86)/gnu arm embedded toolchain/10 2021.10/bin/../lib/gcc/arm-none-eabi/10.3.1/../../../../arm-none-eabi/lib/thumb/v7e-m/nofp/crt0.o
 .ARM.attributes
                0x00000068       0x2e ../Output/Src/main.o
 .ARM.attributes
                0x00000096       0x2e ../Output/Src/led.o
 .ARM.attributes
                0x000000c4       0x2e ../Output/Startup/stm32_startup.o
 .ARM.attributes
                0x000000f2       0x2e ../Output/Src/syscalls.o
 .ARM.attributes
                0x00000120       0x2e c:/program files (x86)/gnu arm embedded toolchain/10 2021.10/bin/../lib/gcc/arm-none-eabi/10.3.1/../../../../arm-none-eabi/lib/thumb/v7e-m/nofp\libc_nano.a(lib_a-errno.o)
 .ARM.attributes
                0x0000014e       0x2e c:/program files (x86)/gnu arm embedded toolchain/10 2021.10/bin/../lib/gcc/arm-none-eabi/10.3.1/../../../../arm-none-eabi/lib/thumb/v7e-m/nofp\libc_nano.a(lib_a-exit.o)
 .ARM.attributes
                0x0000017c       0x2e c:/program files (x86)/gnu arm embedded toolchain/10 2021.10/bin/../lib/gcc/arm-none-eabi/10.3.1/../../../../arm-none-eabi/lib/thumb/v7e-m/nofp\libc_nano.a(lib_a-impure.o)
 .ARM.attributes
                0x000001aa       0x2e c:/program files (x86)/gnu arm embedded toolchain/10 2021.10/bin/../lib/gcc/arm-none-eabi/10.3.1/../../../../arm-none-eabi/lib/thumb/v7e-m/nofp\libc_nano.a(lib_a-init.o)
 .ARM.attributes
                0x000001d8       0x2e c:/program files (x86)/gnu arm embedded toolchain/10 2021.10/bin/../lib/gcc/arm-none-eabi/10.3.1/../../../../arm-none-eabi/lib/thumb/v7e-m/nofp\libc_nano.a(lib_a-memset.o)
 .ARM.attributes
                0x00000206       0x2e c:/program files (x86)/gnu arm embedded toolchain/10 2021.10/bin/../lib/gcc/arm-none-eabi/10.3.1/thumb/v7e-m/nofp/crtend.o
 .ARM.attributes
                0x00000234       0x1e c:/program files (x86)/gnu arm embedded toolchain/10 2021.10/bin/../lib/gcc/arm-none-eabi/10.3.1/thumb/v7e-m/nofp/crtn.o

.comment        0x00000000       0x49
 .comment       0x00000000       0x49 ../Output/Src/main.o
                                 0x4a (size before relaxing)
 .comment       0x00000049       0x4a ../Output/Src/led.o
 .comment       0x00000049       0x4a ../Output/Startup/stm32_startup.o
 .comment       0x00000049       0x4a ../Output/Src/syscalls.o

.debug_frame    0x00000000       0x94
 .debug_frame   0x00000000       0x20 c:/program files (x86)/gnu arm embedded toolchain/10 2021.10/bin/../lib/gcc/arm-none-eabi/10.3.1/../../../../arm-none-eabi/lib/thumb/v7e-m/nofp\libc_nano.a(lib_a-errno.o)
 .debug_frame   0x00000020       0x28 c:/program files (x86)/gnu arm embedded toolchain/10 2021.10/bin/../lib/gcc/arm-none-eabi/10.3.1/../../../../arm-none-eabi/lib/thumb/v7e-m/nofp\libc_nano.a(lib_a-exit.o)
 .debug_frame   0x00000048       0x2c c:/program files (x86)/gnu arm embedded toolchain/10 2021.10/bin/../lib/gcc/arm-none-eabi/10.3.1/../../../../arm-none-eabi/lib/thumb/v7e-m/nofp\libc_nano.a(lib_a-init.o)
 .debug_frame   0x00000074       0x20 c:/program files (x86)/gnu arm embedded toolchain/10 2021.10/bin/../lib/gcc/arm-none-eabi/10.3.1/../../../../arm-none-eabi/lib/thumb/v7e-m/nofp\libc_nano.a(lib_a-memset.o)
